ERROR 2026-05-28 00:05:00,257 audit Failed to write audit log
Traceback (most recent call last):
  File "C:\Users\user\Downloads\BSDC_EMR\BSDC_EMR_PRODUCTION_READY\backend\venv\Lib\site-packages\django\db\backends\utils.py", line 89, in _execute
    return self.cursor.execute(sql, params)
           ^^^^^^^^^^^^^^^^^^^^^^^^^^^^^^^^
  File "C:\Users\user\Downloads\BSDC_EMR\BSDC_EMR_PRODUCTION_READY\backend\venv\Lib\site-packages\django\db\backends\mysql\base.py", line 75, in execute
    return self.cursor.execute(query, args)
           ^^^^^^^^^^^^^^^^^^^^^^^^^^^^^^^^
  File "C:\Users\user\Downloads\BSDC_EMR\BSDC_EMR_PRODUCTION_READY\backend\venv\Lib\site-packages\pymysql\cursors.py", line 159, in execute
    result = self._query(query)
             ^^^^^^^^^^^^^^^^^^
  File "C:\Users\user\Downloads\BSDC_EMR\BSDC_EMR_PRODUCTION_READY\backend\venv\Lib\site-packages\pymysql\cursors.py", line 330, in _query
    conn.query(q)
  File "C:\Users\user\Downloads\BSDC_EMR\BSDC_EMR_PRODUCTION_READY\backend\venv\Lib\site-packages\pymysql\connections.py", line 582, in query
    self._affected_rows = self._read_query_result(unbuffered=unbuffered)
                          ^^^^^^^^^^^^^^^^^^^^^^^^^^^^^^^^^^^^^^^^^^^^^^
  File "C:\Users\user\Downloads\BSDC_EMR\BSDC_EMR_PRODUCTION_READY\backend\venv\Lib\site-packages\pymysql\connections.py", line 847, in _read_query_result
    result.read()
  File "C:\Users\user\Downloads\BSDC_EMR\BSDC_EMR_PRODUCTION_READY\backend\venv\Lib\site-packages\pymysql\connections.py", line 1245, in read
    first_packet = self.connection._read_packet()
                   ^^^^^^^^^^^^^^^^^^^^^^^^^^^^^^
  File "C:\Users\user\Downloads\BSDC_EMR\BSDC_EMR_PRODUCTION_READY\backend\venv\Lib\site-packages\pymysql\connections.py", line 803, in _read_packet
    packet.raise_for_error()
  File "C:\Users\user\Downloads\BSDC_EMR\BSDC_EMR_PRODUCTION_READY\backend\venv\Lib\site-packages\pymysql\protocol.py", line 219, in raise_for_error
    err.raise_mysql_exception(self._data)
  File "C:\Users\user\Downloads\BSDC_EMR\BSDC_EMR_PRODUCTION_READY\backend\venv\Lib\site-packages\pymysql\err.py", line 154, in raise_mysql_exception
    raise errorclass(errno, errval, sqlstate=sqlstate)
pymysql.err.ProgrammingError: (1146, "Table 'dental_clinic.audit_logs' doesn't exist")

The above exception was the direct cause of the following exception:

Traceback (most recent call last):
  File "C:\Users\user\Downloads\BSDC_EMR\BSDC_EMR_PRODUCTION_READY\backend\core\audit.py", line 47, in _log
    AuditLog.objects.create(
  File "C:\Users\user\Downloads\BSDC_EMR\BSDC_EMR_PRODUCTION_READY\backend\venv\Lib\site-packages\django\db\models\manager.py", line 87, in manager_method
    return getattr(self.get_queryset(), name)(*args, **kwargs)
           ^^^^^^^^^^^^^^^^^^^^^^^^^^^^^^^^^^^^^^^^^^^^^^^^^^^
  File "C:\Users\user\Downloads\BSDC_EMR\BSDC_EMR_PRODUCTION_READY\backend\venv\Lib\site-packages\django\db\models\query.py", line 658, in create
    obj.save(force_insert=True, using=self.db)
  File "C:\Users\user\Downloads\BSDC_EMR\BSDC_EMR_PRODUCTION_READY\backend\venv\Lib\site-packages\django\db\models\base.py", line 814, in save
    self.save_base(
  File "C:\Users\user\Downloads\BSDC_EMR\BSDC_EMR_PRODUCTION_READY\backend\venv\Lib\site-packages\django\db\models\base.py", line 877, in save_base
    updated = self._save_table(
              ^^^^^^^^^^^^^^^^^
  File "C:\Users\user\Downloads\BSDC_EMR\BSDC_EMR_PRODUCTION_READY\backend\venv\Lib\site-packages\django\db\models\base.py", line 1020, in _save_table
    results = self._do_insert(
              ^^^^^^^^^^^^^^^^
  File "C:\Users\user\Downloads\BSDC_EMR\BSDC_EMR_PRODUCTION_READY\backend\venv\Lib\site-packages\django\db\models\base.py", line 1061, in _do_insert
    return manager._insert(
           ^^^^^^^^^^^^^^^^
  File "C:\Users\user\Downloads\BSDC_EMR\BSDC_EMR_PRODUCTION_READY\backend\venv\Lib\site-packages\django\db\models\manager.py", line 87, in manager_method
    return getattr(self.get_queryset(), name)(*args, **kwargs)
           ^^^^^^^^^^^^^^^^^^^^^^^^^^^^^^^^^^^^^^^^^^^^^^^^^^^
  File "C:\Users\user\Downloads\BSDC_EMR\BSDC_EMR_PRODUCTION_READY\backend\venv\Lib\site-packages\django\db\models\query.py", line 1805, in _insert
    return query.get_compiler(using=using).execute_sql(returning_fields)
           ^^^^^^^^^^^^^^^^^^^^^^^^^^^^^^^^^^^^^^^^^^^^^^^^^^^^^^^^^^^^^
  File "C:\Users\user\Downloads\BSDC_EMR\BSDC_EMR_PRODUCTION_READY\backend\venv\Lib\site-packages\django\db\models\sql\compiler.py", line 1822, in execute_sql
    cursor.execute(sql, params)
  File "C:\Users\user\Downloads\BSDC_EMR\BSDC_EMR_PRODUCTION_READY\backend\venv\Lib\site-packages\django\db\backends\utils.py", line 67, in execute
    return self._execute_with_wrappers(
           ^^^^^^^^^^^^^^^^^^^^^^^^^^^^
  File "C:\Users\user\Downloads\BSDC_EMR\BSDC_EMR_PRODUCTION_READY\backend\venv\Lib\site-packages\django\db\backends\utils.py", line 80, in _execute_with_wrappers
    return executor(sql, params, many, context)
           ^^^^^^^^^^^^^^^^^^^^^^^^^^^^^^^^^^^^
  File "C:\Users\user\Downloads\BSDC_EMR\BSDC_EMR_PRODUCTION_READY\backend\venv\Lib\site-packages\django\db\backends\utils.py", line 84, in _execute
    with self.db.wrap_database_errors:
  File "C:\Users\user\Downloads\BSDC_EMR\BSDC_EMR_PRODUCTION_READY\backend\venv\Lib\site-packages\django\db\utils.py", line 91, in __exit__
    raise dj_exc_value.with_traceback(traceback) from exc_value
  File "C:\Users\user\Downloads\BSDC_EMR\BSDC_EMR_PRODUCTION_READY\backend\venv\Lib\site-packages\django\db\backends\utils.py", line 89, in _execute
    return self.cursor.execute(sql, params)
           ^^^^^^^^^^^^^^^^^^^^^^^^^^^^^^^^
  File "C:\Users\user\Downloads\BSDC_EMR\BSDC_EMR_PRODUCTION_READY\backend\venv\Lib\site-packages\django\db\backends\mysql\base.py", line 75, in execute
    return self.cursor.execute(query, args)
           ^^^^^^^^^^^^^^^^^^^^^^^^^^^^^^^^
  File "C:\Users\user\Downloads\BSDC_EMR\BSDC_EMR_PRODUCTION_READY\backend\venv\Lib\site-packages\pymysql\cursors.py", line 159, in execute
    result = self._query(query)
             ^^^^^^^^^^^^^^^^^^
  File "C:\Users\user\Downloads\BSDC_EMR\BSDC_EMR_PRODUCTION_READY\backend\venv\Lib\site-packages\pymysql\cursors.py", line 330, in _query
    conn.query(q)
  File "C:\Users\user\Downloads\BSDC_EMR\BSDC_EMR_PRODUCTION_READY\backend\venv\Lib\site-packages\pymysql\connections.py", line 582, in query
    self._affected_rows = self._read_query_result(unbuffered=unbuffered)
                          ^^^^^^^^^^^^^^^^^^^^^^^^^^^^^^^^^^^^^^^^^^^^^^
  File "C:\Users\user\Downloads\BSDC_EMR\BSDC_EMR_PRODUCTION_READY\backend\venv\Lib\site-packages\pymysql\connections.py", line 847, in _read_query_result
    result.read()
  File "C:\Users\user\Downloads\BSDC_EMR\BSDC_EMR_PRODUCTION_READY\backend\venv\Lib\site-packages\pymysql\connections.py", line 1245, in read
    first_packet = self.connection._read_packet()
                   ^^^^^^^^^^^^^^^^^^^^^^^^^^^^^^
  File "C:\Users\user\Downloads\BSDC_EMR\BSDC_EMR_PRODUCTION_READY\backend\venv\Lib\site-packages\pymysql\connections.py", line 803, in _read_packet
    packet.raise_for_error()
  File "C:\Users\user\Downloads\BSDC_EMR\BSDC_EMR_PRODUCTION_READY\backend\venv\Lib\site-packages\pymysql\protocol.py", line 219, in raise_for_error
    err.raise_mysql_exception(self._data)
  File "C:\Users\user\Downloads\BSDC_EMR\BSDC_EMR_PRODUCTION_READY\backend\venv\Lib\site-packages\pymysql\err.py", line 154, in raise_mysql_exception
    raise errorclass(errno, errval, sqlstate=sqlstate)
django.db.utils.ProgrammingError: (1146, "Table 'dental_clinic.audit_logs' doesn't exist")
